{
    "GLDS-367: Should run without failures": {
        "content": [
            [
                "GLDS-367_metadata_GLDS-367-ISA.zip:md5,130bb4f9fded2750631cfed98c173c06",
                "OSD-367_microarray_v0_runsheet.csv:md5,20d3407f692abaf4471151a7d85c0420"
            ],
            [
                "raw_intensities.csv:md5,21b8fe8485e30baabd33d4341be08a78"
            ],
            [
                "normalized_expression.csv:md5,baae31c588f25cf574df54ee4937cbaa"
            ],
            [
                "SampleTable.csv:md5,d6f57c657e6594a1f52ff9a996118083",
                "contrasts.csv:md5,c9af9056cef7bd0210a626cd9c6175b2",
                "differential_expression.csv:md5,1bce5936134e25585716ebe983743c32",
                "visualization_PCA_table.csv:md5,6b37103ca8cacdfc2a924631e7422fa9"
            ]
        ],
        "timestamp": "2023-04-27T23:01:03+0000"
    },
    "Direct runsheet version: Should run without failures": {
        "content": [
            [
                "GLDS-367_microarray_v0_runsheet.csv:md5,6b066905180d502a70e4ad9fc094433d"
            ],
            [
                "SampleTable.csv:md5,f393473808e2b9e262c7da5809e0baca",
                "contrasts.csv:md5,c9af9056cef7bd0210a626cd9c6175b2",
                "differential_expression.csv:md5,1bce5936134e25585716ebe983743c32",
                "normalized_expression.csv:md5,baae31c588f25cf574df54ee4937cbaa",
                "raw_intensities.csv:md5,21b8fe8485e30baabd33d4341be08a78",
                "visualization_PCA_table.csv:md5,6b37103ca8cacdfc2a924631e7422fa9",
                "visualization_output_table.csv:md5,e1aa48627dde500d26443891de6c23d9"
            ],
            {
                "Agile1CMP.html exists": true
            }
        ],
        "timestamp": "2023-04-27T23:01:02+0000"
    }
}