{
    "GLDS-367: Should run without failures": {
        "content": [
            {
                "runsheet": [
                    "GLDS-367_microarray_v0_runsheet.csv:md5,deeb1c31bfda3f10627be9842423491d"
                ],
                "isaArchive": [
                    "GLDS-367_metadata_GLDS-367-ISA.zip:md5,130bb4f9fded2750631cfed98c173c06"
                ]
            }
        ],
        "timestamp": "2023-01-26T21:39:57+0000"
    }
}