{
    "Baseline_ON_GLDS194:Should run without failures": {
        "content": [
            [
                [
                    "RSEM_Unnormalized_Counts.csv:md5,f2176089284f6018530dbb8b6618b0aa",
                    "RSEM_NumNonZeroGenes.csv:md5,6dd712284c01af420ed6a31a0256e516"
                ]
            ]
        ],
        "timestamp": "2023-01-25T20:37:40+0000"
    },
    "Issue_60_Test_ON_Mock:Should run without failures": {
        "content": [
            [
                [
                    "RSEM_Unnormalized_Counts.csv:md5,9af39c67a784e695ec553606b44d0115",
                    "RSEM_NumNonZeroGenes.csv:md5,699ee0a7846a173d93f02d27c28caedd"
                ]
            ]
        ],
        "timestamp": "2023-01-25T20:37:40+0000"
    }
}