{
    "Baseline_ON_GLDS194:Should run without failures": {
        "content": [
            [
                [
                    "STAR_Unnormalized_Counts.csv:md5,ee11a0a026cad29f7d07982458749fdc",
                    "STAR_NumNonZeroGenes.csv:md5,614cfee77313d40f5722609bdf848aaf"
                ]
            ]
        ],
        "timestamp": "2023-01-25T20:38:18+0000"
    },
    "Issue_60_Test_ON_Mock:Should run without failures": {
        "content": [
            [
                [
                    "STAR_Unnormalized_Counts.csv:md5,699cfa8a1c81148197a2898b25bdcc4d",
                    "STAR_NumNonZeroGenes.csv:md5,447a4bc9208e065b011e53fc2557a30f"
                ]
            ]
        ],
        "timestamp": "2023-01-25T20:38:18+0000"
    }
}